2026-08-09 09:06:41,558 INFO o.a.j.u.JMeterUtils: Setting Locale to en_EN
2026-08-09 09:06:41,597 INFO o.a.j.JMeter: Loading user properties from: C:\tools\apache-jmeter-5.6.2\apache-jmeter-5.6.2\bin\user.properties
2026-08-09 09:06:41,597 INFO o.a.j.JMeter: Loading system properties from: C:\tools\apache-jmeter-5.6.2\apache-jmeter-5.6.2\bin\system.properties
2026-08-09 09:06:41,619 INFO o.a.j.JMeter: Copyright (c) 1998-2023 The Apache Software Foundation
2026-08-09 09:06:41,619 INFO o.a.j.JMeter: Version 5.6.2
2026-08-09 09:06:41,619 INFO o.a.j.JMeter: java.version=17.0.16
2026-08-09 09:06:41,619 INFO o.a.j.JMeter: java.vm.name=OpenJDK 64-Bit Server VM
2026-08-09 09:06:41,619 INFO o.a.j.JMeter: os.name=Windows 11
2026-08-09 09:06:41,619 INFO o.a.j.JMeter: os.arch=amd64
2026-08-09 09:06:41,619 INFO o.a.j.JMeter: os.version=10.0
2026-08-09 09:06:41,619 INFO o.a.j.JMeter: file.encoding=Cp1252
2026-08-09 09:06:41,619 INFO o.a.j.JMeter: java.awt.headless=true
2026-08-09 09:06:41,619 INFO o.a.j.JMeter: Max memory     =1073741824
2026-08-09 09:06:41,619 INFO o.a.j.JMeter: Available Processors =8
2026-08-09 09:06:41,647 INFO o.a.j.JMeter: Default Locale=English (EN)
2026-08-09 09:06:41,647 INFO o.a.j.JMeter: JMeter  Locale=English (EN)
2026-08-09 09:06:41,650 INFO o.a.j.JMeter: JMeterHome=C:\tools\apache-jmeter-5.6.2\apache-jmeter-5.6.2
2026-08-09 09:06:41,650 INFO o.a.j.JMeter: user.dir  =C:\qa-technical-test
2026-08-09 09:06:41,650 INFO o.a.j.JMeter: PWD       =C:\qa-technical-test
2026-08-09 09:06:41,651 INFO o.a.j.JMeter: IP: 192.168.20.28 Name: DESKTOP-LCPVBNP FullName: DESKTOP-LCPVBNP
2026-08-09 09:06:41,683 INFO o.a.j.JMeter: Setting property 'jmeter.reportgenerator.outputdir' to:'C:\qa-technical-test\performance\reports\html-report'
2026-08-09 09:06:41,683 INFO o.a.j.s.FileServer: Default base='C:\qa-technical-test'
2026-08-09 09:06:41,683 INFO o.a.j.s.FileServer: Set new base='C:\qa-technical-test\performance'
2026-08-09 09:06:42,131 INFO o.a.j.s.SaveService: Testplan (JMX) version: 2.2. Testlog (JTL) version: 2.2
2026-08-09 09:06:42,184 INFO o.a.j.s.SaveService: Using SaveService properties version 5.0
2026-08-09 09:06:42,195 INFO o.a.j.s.SaveService: Using SaveService properties file encoding UTF-8
2026-08-09 09:06:42,195 INFO o.a.j.s.SaveService: Loading file: C:\qa-technical-test\performance\booking_load_test.jmx
2026-08-09 09:06:42,345 INFO o.a.j.p.h.s.HTTPSamplerBase: Parser for text/html is org.apache.jmeter.protocol.http.parser.LagartoBasedHtmlParser
2026-08-09 09:06:42,345 INFO o.a.j.p.h.s.HTTPSamplerBase: Parser for application/xhtml+xml is org.apache.jmeter.protocol.http.parser.LagartoBasedHtmlParser
2026-08-09 09:06:42,345 INFO o.a.j.p.h.s.HTTPSamplerBase: Parser for application/xml is org.apache.jmeter.protocol.http.parser.LagartoBasedHtmlParser
2026-08-09 09:06:42,345 INFO o.a.j.p.h.s.HTTPSamplerBase: Parser for text/xml is org.apache.jmeter.protocol.http.parser.LagartoBasedHtmlParser
2026-08-09 09:06:42,345 INFO o.a.j.p.h.s.HTTPSamplerBase: Parser for text/vnd.wap.wml is org.apache.jmeter.protocol.http.parser.RegexpHTMLParser
2026-08-09 09:06:42,345 INFO o.a.j.p.h.s.HTTPSamplerBase: Parser for text/css is org.apache.jmeter.protocol.http.parser.CssParser
2026-08-09 09:06:42,378 INFO o.a.j.JMeter: Creating summariser <summary>
2026-08-09 09:06:42,387 INFO o.a.j.r.d.ReportGenerator: ReportGenerator will use for Parsing the separator: ','
2026-08-09 09:06:42,387 INFO o.a.j.r.d.ReportGenerator: Will generate report at end of test from  results file: C:\qa-technical-test\performance\results.jtl
2026-08-09 09:06:42,387 INFO o.a.j.r.d.ReportGenerator: Reading report generator properties from: C:\tools\apache-jmeter-5.6.2\apache-jmeter-5.6.2\bin\reportgenerator.properties
2026-08-09 09:06:42,387 INFO o.a.j.r.d.ReportGenerator: Merging with JMeter properties
2026-08-09 09:06:42,397 INFO o.a.j.r.c.ReportGeneratorConfiguration: Property 'jmeter.reportgenerator.temp_dir' not found, using default value 'temp' instead.
2026-08-09 09:06:42,408 INFO o.a.j.r.c.ReportGeneratorConfiguration: Property 'jmeter.reportgenerator.apdex_per_transaction' not found, using default value 'null' instead.
2026-08-09 09:06:42,408 INFO o.a.j.r.c.ReportGeneratorConfiguration: apdex_per_transaction is empty, not APDEX per transaction customization
2026-08-09 09:06:42,408 INFO o.a.j.r.c.ReportGeneratorConfiguration: Property 'jmeter.reportgenerator.sample_filter' not found, using default value 'null' instead.
2026-08-09 09:06:42,408 INFO o.a.j.r.c.ReportGeneratorConfiguration: Property 'jmeter.reportgenerator.report_title' not found, using default value 'null' instead.
2026-08-09 09:06:42,408 INFO o.a.j.r.c.ReportGeneratorConfiguration: Property 'jmeter.reportgenerator.start_date' not found, using default value 'null' instead.
2026-08-09 09:06:42,408 INFO o.a.j.r.c.ReportGeneratorConfiguration: Property 'jmeter.reportgenerator.end_date' not found, using default value 'null' instead.
2026-08-09 09:06:42,408 INFO o.a.j.r.c.ReportGeneratorConfiguration: Property 'jmeter.reportgenerator.date_format' not found, using default value 'null' instead.
2026-08-09 09:06:42,408 INFO o.a.j.r.c.ReportGeneratorConfiguration: Will use date range start date: null, end date: null
2026-08-09 09:06:42,417 INFO o.a.j.r.c.ReportGeneratorConfiguration: Property 'jmeter.reportgenerator.graph.totalTPS.exclude_controllers' not found, using default value 'false' instead.
2026-08-09 09:06:42,417 INFO o.a.j.r.c.ReportGeneratorConfiguration: Property 'jmeter.reportgenerator.graph.activeThreadsOverTime.exclude_controllers' not found, using default value 'false' instead.
2026-08-09 09:06:42,419 INFO o.a.j.r.c.ReportGeneratorConfiguration: Property 'jmeter.reportgenerator.graph.timeVsThreads.exclude_controllers' not found, using default value 'false' instead.
2026-08-09 09:06:42,419 INFO o.a.j.r.c.ReportGeneratorConfiguration: Property 'jmeter.reportgenerator.graph.responseTimeDistribution.exclude_controllers' not found, using default value 'false' instead.
2026-08-09 09:06:42,419 INFO o.a.j.r.c.ReportGeneratorConfiguration: Property 'jmeter.reportgenerator.graph.transactionsPerSecond.exclude_controllers' not found, using default value 'false' instead.
2026-08-09 09:06:42,419 INFO o.a.j.r.c.ReportGeneratorConfiguration: Property 'jmeter.reportgenerator.graph.responseTimePercentiles.exclude_controllers' not found, using default value 'false' instead.
2026-08-09 09:06:42,419 INFO o.a.j.r.c.ReportGeneratorConfiguration: Property 'jmeter.reportgenerator.graph.responseTimePercentilesOverTime.exclude_controllers' not found, using default value 'false' instead.
2026-08-09 09:06:42,419 INFO o.a.j.r.c.ReportGeneratorConfiguration: Property 'jmeter.reportgenerator.graph.responseTimesOverTime.exclude_controllers' not found, using default value 'false' instead.
2026-08-09 09:06:42,419 INFO o.a.j.r.c.ReportGeneratorConfiguration: Property 'jmeter.reportgenerator.graph.connectTimeOverTime.exclude_controllers' not found, using default value 'false' instead.
2026-08-09 09:06:42,419 INFO o.a.j.r.c.ReportGeneratorConfiguration: Property 'jmeter.reportgenerator.graph.latenciesOverTime.exclude_controllers' not found, using default value 'false' instead.
2026-08-09 09:06:42,419 INFO o.a.j.r.c.ReportGeneratorConfiguration: Property 'jmeter.reportgenerator.exporter.json.filters_only_sample_series' not found, using default value 'true' instead.
2026-08-09 09:06:42,419 INFO o.a.j.r.c.ReportGeneratorConfiguration: Property 'jmeter.reportgenerator.exporter.json.series_filter' not found, using default value '' instead.
2026-08-09 09:06:42,419 INFO o.a.j.r.c.ReportGeneratorConfiguration: Property 'jmeter.reportgenerator.exporter.json.show_controllers_only' not found, using default value 'false' instead.
2026-08-09 09:06:42,419 INFO o.a.j.r.c.ReportGeneratorConfiguration: Property 'jmeter.reportgenerator.exporter.html.filters_only_sample_series' not found, using default value 'true' instead.
2026-08-09 09:06:42,419 INFO o.a.j.r.c.ReportGeneratorConfiguration: Property 'jmeter.reportgenerator.exporter.html.series_filter' not found, using default value '' instead.
2026-08-09 09:06:42,419 INFO o.a.j.r.c.ReportGeneratorConfiguration: Property 'jmeter.reportgenerator.exporter.html.show_controllers_only' not found, using default value 'false' instead.
2026-08-09 09:06:42,440 INFO o.a.j.e.StandardJMeterEngine: Running the test!
2026-08-09 09:06:42,445 INFO o.a.j.s.SampleEvent: List of sample_variables: []
2026-08-09 09:06:42,445 INFO o.a.j.s.SampleEvent: List of sample_variables: []
2026-08-09 09:06:42,455 INFO o.a.j.e.u.CompoundVariable: Note: Function class names must contain the string: '.functions.'
2026-08-09 09:06:42,455 INFO o.a.j.e.u.CompoundVariable: Note: Function class names must not contain the string: '.gui.'
2026-08-09 09:06:42,622 INFO o.a.j.JMeter: Running test (1786284402622)
2026-08-09 09:06:42,653 INFO o.a.j.e.StandardJMeterEngine: Starting ThreadGroup: 1 : Warm-up Thread Group
2026-08-09 09:06:42,653 INFO o.a.j.e.StandardJMeterEngine: Starting 1 threads for group Warm-up Thread Group.
2026-08-09 09:06:42,653 INFO o.a.j.e.StandardJMeterEngine: Thread will continue on error
2026-08-09 09:06:42,653 INFO o.a.j.t.ThreadGroup: Starting thread group... number=1 threads=1 ramp-up=10 delayedStart=false
2026-08-09 09:06:42,667 INFO o.a.j.t.ThreadGroup: Started thread group number 1
2026-08-09 09:06:42,667 INFO o.a.j.e.StandardJMeterEngine: Starting ThreadGroup: 2 : Load Thread Group
2026-08-09 09:06:42,667 INFO o.a.j.e.StandardJMeterEngine: Starting 10 threads for group Load Thread Group.
2026-08-09 09:06:42,667 INFO o.a.j.e.StandardJMeterEngine: Thread will continue on error
2026-08-09 09:06:42,667 INFO o.a.j.t.ThreadGroup: Starting thread group... number=2 threads=10 ramp-up=30 delayedStart=false
2026-08-09 09:06:42,674 INFO o.a.j.t.JMeterThread: Thread started: Warm-up Thread Group 1-1
2026-08-09 09:06:42,675 INFO o.a.j.t.JMeterThread: Thread started: Load Thread Group 2-1
2026-08-09 09:06:42,683 INFO o.a.j.t.ThreadGroup: Started thread group number 2
2026-08-09 09:06:42,683 INFO o.a.j.e.StandardJMeterEngine: All thread groups have been started
2026-08-09 09:06:42,719 INFO o.a.j.p.h.s.HTTPHCAbstractImpl: Local host = DESKTOP-LCPVBNP
2026-08-09 09:06:42,737 INFO o.a.j.p.h.s.HTTPHC4Impl: HTTP request retry count = 0
2026-08-09 09:06:42,741 INFO o.a.j.s.SampleResult: Note: Sample TimeStamps are START times
2026-08-09 09:06:42,741 INFO o.a.j.s.SampleResult: sampleresult.default.encoding is set to UTF-8
2026-08-09 09:06:42,741 INFO o.a.j.s.SampleResult: sampleresult.useNanoTime=true
2026-08-09 09:06:42,741 INFO o.a.j.s.SampleResult: sampleresult.nanoThreadSleep=5000
2026-08-09 09:06:43,097 INFO o.a.j.p.h.s.h.LazyLayeredConnectionSocketFactory: Setting up HTTPS TrustAll Socket Factory
2026-08-09 09:06:43,125 INFO o.a.j.u.JsseSSLManager: Using default SSL protocol: TLS
2026-08-09 09:06:43,125 INFO o.a.j.u.JsseSSLManager: SSL session context: per-thread
2026-08-09 09:06:43,466 INFO o.a.j.u.SSLManager: JmeterKeyStore Location:  type JKS
2026-08-09 09:06:43,466 INFO o.a.j.u.SSLManager: KeyStore created OK
2026-08-09 09:06:43,466 WARN o.a.j.u.SSLManager: Keystore file not found, loading empty keystore
2026-08-09 09:06:44,680 INFO o.a.j.t.JMeterThread: Thread is done: Warm-up Thread Group 1-1
2026-08-09 09:06:44,680 INFO o.a.j.t.JMeterThread: Thread finished: Warm-up Thread Group 1-1
2026-08-09 09:06:45,676 INFO o.a.j.t.JMeterThread: Thread started: Load Thread Group 2-2
2026-08-09 09:06:48,671 INFO o.a.j.t.JMeterThread: Thread started: Load Thread Group 2-3
2026-08-09 09:06:51,678 INFO o.a.j.t.JMeterThread: Thread started: Load Thread Group 2-4
2026-08-09 09:06:54,677 INFO o.a.j.t.JMeterThread: Thread started: Load Thread Group 2-5
2026-08-09 09:06:57,677 INFO o.a.j.t.JMeterThread: Thread started: Load Thread Group 2-6
2026-08-09 09:07:00,029 INFO o.a.j.r.Summariser: summary +    512 in 00:00:17 =   29.4/s Avg:   116 Min:    80 Max:  1736 Err:     0 (0.00%) Active: 6 Started: 7 Finished: 1
2026-08-09 09:07:00,684 INFO o.a.j.t.JMeterThread: Thread started: Load Thread Group 2-7
2026-08-09 09:07:03,683 INFO o.a.j.t.JMeterThread: Thread started: Load Thread Group 2-8
2026-08-09 09:07:06,679 INFO o.a.j.t.JMeterThread: Thread started: Load Thread Group 2-9
2026-08-09 09:07:09,679 INFO o.a.j.t.JMeterThread: Thread started: Load Thread Group 2-10
2026-08-09 09:07:30,009 INFO o.a.j.r.Summariser: summary +   2501 in 00:00:30 =   83.4/s Avg:   111 Min:    82 Max:   528 Err:     0 (0.00%) Active: 10 Started: 11 Finished: 1
2026-08-09 09:07:30,009 INFO o.a.j.r.Summariser: summary =   3013 in 00:00:47 =   63.6/s Avg:   112 Min:    80 Max:  1736 Err:     0 (0.00%)
2026-08-09 09:08:00,052 INFO o.a.j.r.Summariser: summary +   2725 in 00:00:30 =   90.7/s Avg:   110 Min:    82 Max:   642 Err:     0 (0.00%) Active: 10 Started: 11 Finished: 1
2026-08-09 09:08:00,052 INFO o.a.j.r.Summariser: summary =   5738 in 00:01:17 =   74.1/s Avg:   111 Min:    80 Max:  1736 Err:     0 (0.00%)
2026-08-09 09:08:30,006 INFO o.a.j.r.Summariser: summary +   2764 in 00:00:30 =   92.3/s Avg:   108 Min:    80 Max:   736 Err:     0 (0.00%) Active: 10 Started: 11 Finished: 1
2026-08-09 09:08:30,006 INFO o.a.j.r.Summariser: summary =   8502 in 00:01:47 =   79.2/s Avg:   110 Min:    80 Max:  1736 Err:     0 (0.00%)
2026-08-09 09:08:42,679 INFO o.a.j.t.JMeterThread: Stopping because end time detected by thread: Load Thread Group 2-2
2026-08-09 09:08:42,679 INFO o.a.j.t.JMeterThread: Thread finished: Load Thread Group 2-2
2026-08-09 09:08:42,689 INFO o.a.j.t.JMeterThread: Stopping because end time detected by thread: Load Thread Group 2-1
2026-08-09 09:08:42,689 INFO o.a.j.t.JMeterThread: Stopping because end time detected by thread: Load Thread Group 2-9
2026-08-09 09:08:42,689 INFO o.a.j.t.JMeterThread: Thread finished: Load Thread Group 2-1
2026-08-09 09:08:42,689 INFO o.a.j.t.JMeterThread: Thread finished: Load Thread Group 2-9
2026-08-09 09:08:42,694 INFO o.a.j.t.JMeterThread: Stopping because end time detected by thread: Load Thread Group 2-4
2026-08-09 09:08:42,694 INFO o.a.j.t.JMeterThread: Stopping because end time detected by thread: Load Thread Group 2-3
2026-08-09 09:08:42,694 INFO o.a.j.t.JMeterThread: Thread finished: Load Thread Group 2-4
2026-08-09 09:08:42,694 INFO o.a.j.t.JMeterThread: Thread finished: Load Thread Group 2-3
2026-08-09 09:08:42,706 INFO o.a.j.t.JMeterThread: Stopping because end time detected by thread: Load Thread Group 2-10
2026-08-09 09:08:42,706 INFO o.a.j.t.JMeterThread: Thread finished: Load Thread Group 2-10
2026-08-09 09:08:42,706 INFO o.a.j.t.JMeterThread: Stopping because end time detected by thread: Load Thread Group 2-8
2026-08-09 09:08:42,708 INFO o.a.j.t.JMeterThread: Thread finished: Load Thread Group 2-8
2026-08-09 09:08:42,752 INFO o.a.j.t.JMeterThread: Stopping because end time detected by thread: Load Thread Group 2-5
2026-08-09 09:08:42,752 INFO o.a.j.t.JMeterThread: Thread finished: Load Thread Group 2-5
2026-08-09 09:08:42,752 INFO o.a.j.t.JMeterThread: Stopping because end time detected by thread: Load Thread Group 2-7
2026-08-09 09:08:42,752 INFO o.a.j.t.JMeterThread: Thread finished: Load Thread Group 2-7
2026-08-09 09:08:42,773 INFO o.a.j.t.JMeterThread: Stopping because end time detected by thread: Load Thread Group 2-6
2026-08-09 09:08:42,773 INFO o.a.j.t.JMeterThread: Thread finished: Load Thread Group 2-6
2026-08-09 09:08:42,773 INFO o.a.j.e.StandardJMeterEngine: Notifying test listeners of end of test
2026-08-09 09:08:42,773 INFO o.a.j.r.Summariser: summary +   1143 in 00:00:13 =   89.5/s Avg:   111 Min:    85 Max:   591 Err:     0 (0.00%) Active: 0 Started: 11 Finished: 11
2026-08-09 09:08:42,773 INFO o.a.j.r.Summariser: summary =   9645 in 00:02:00 =   80.3/s Avg:   110 Min:    80 Max:  1736 Err:     0 (0.00%)
2026-08-09 09:08:42,787 INFO o.a.j.JMeter: Generating Dashboard
2026-08-09 09:08:42,787 INFO o.a.j.r.d.ReportGenerator: Flushing result collector before report Generation
2026-08-09 09:08:42,834 INFO o.a.j.r.p.NormalizerSampleConsumer: Using format, 'ms', to parse timeStamp field
2026-08-09 09:08:43,769 INFO o.a.j.r.p.AbstractSampleConsumer: class org.apache.jmeter.report.processor.AggregateConsumer#stopProducing(): beginDate produced 0 samples
2026-08-09 09:08:43,769 INFO o.a.j.r.p.AbstractSampleConsumer: class org.apache.jmeter.report.processor.AggregateConsumer#stopProducing(): endDate produced 0 samples
2026-08-09 09:08:43,774 INFO o.a.j.r.p.AbstractSampleConsumer: class org.apache.jmeter.report.processor.ApdexSummaryConsumer#stopProducing(): apdexSummary produced 0 samples
2026-08-09 09:08:43,774 INFO o.a.j.r.p.AbstractSampleConsumer: class org.apache.jmeter.report.processor.RequestsSummaryConsumer#stopProducing(): requestsSummary produced 0 samples
2026-08-09 09:08:43,827 INFO o.a.j.r.p.AbstractSampleConsumer: class org.apache.jmeter.report.processor.StatisticsSummaryConsumer#stopProducing(): statisticsSummary produced 0 samples
2026-08-09 09:08:43,827 INFO o.a.j.r.p.AbstractSampleConsumer: class org.apache.jmeter.report.processor.Top5ErrorsBySamplerConsumer#stopProducing(): top5ErrorsBySampler produced 0 samples
2026-08-09 09:08:43,827 INFO o.a.j.r.p.AbstractSampleConsumer: class org.apache.jmeter.report.processor.ErrorsSummaryConsumer#stopProducing(): errorsSummary produced 0 samples
2026-08-09 09:08:43,838 INFO o.a.j.r.p.AbstractSampleConsumer: class org.apache.jmeter.report.processor.graph.impl.HitsPerSecondGraphConsumer#stopProducing(): hitsPerSecond produced 0 samples
2026-08-09 09:08:44,091 INFO o.a.j.r.p.AbstractSampleConsumer: class org.apache.jmeter.report.processor.graph.impl.LatencyVSRequestGraphConsumer#stopProducing(): latencyVsRequest produced 0 samples
2026-08-09 09:08:44,091 INFO o.a.j.r.p.AbstractSampleConsumer: class org.apache.jmeter.report.processor.graph.impl.SyntheticResponseTimeDistributionGraphConsumer#stopProducing(): syntheticResponseTimeDistribution produced 0 samples
2026-08-09 09:08:44,091 INFO o.a.j.r.p.AbstractSampleConsumer: class org.apache.jmeter.report.processor.graph.impl.BytesThroughputGraphConsumer#stopProducing(): bytesThroughputOverTime produced 0 samples
2026-08-09 09:08:44,091 INFO o.a.j.r.p.AbstractSampleConsumer: class org.apache.jmeter.report.processor.graph.impl.CodesPerSecondGraphConsumer#stopProducing(): codesPerSecond produced 0 samples
2026-08-09 09:08:44,289 INFO o.a.j.r.p.AbstractSampleConsumer: class org.apache.jmeter.report.processor.graph.impl.ResponseTimeVSRequestGraphConsumer#stopProducing(): responseTimeVsRequest produced 0 samples
2026-08-09 09:08:44,289 INFO o.a.j.r.p.AbstractSampleConsumer: class org.apache.jmeter.report.processor.FilterConsumer#stopProducing(): startIntervalControlerFilter produced 67515 samples
2026-08-09 09:08:44,289 INFO o.a.j.r.p.AbstractSampleConsumer: class org.apache.jmeter.report.processor.graph.impl.TotalTPSGraphConsumer#stopProducing(): totalTPS produced 0 samples
2026-08-09 09:08:44,289 INFO o.a.j.r.p.AbstractSampleConsumer: class org.apache.jmeter.report.processor.graph.impl.ActiveThreadsGraphConsumer#stopProducing(): activeThreadsOverTime produced 0 samples
2026-08-09 09:08:44,289 INFO o.a.j.r.p.AbstractSampleConsumer: class org.apache.jmeter.report.processor.graph.impl.TimeVSThreadGraphConsumer#stopProducing(): timeVsThreads produced 0 samples
2026-08-09 09:08:44,289 INFO o.a.j.r.p.AbstractSampleConsumer: class org.apache.jmeter.report.processor.graph.impl.ResponseTimeDistributionGraphConsumer#stopProducing(): responseTimeDistribution produced 0 samples
2026-08-09 09:08:44,289 INFO o.a.j.r.p.AbstractSampleConsumer: class org.apache.jmeter.report.processor.graph.impl.TransactionsPerSecondGraphConsumer#stopProducing(): transactionsPerSecond produced 0 samples
2026-08-09 09:08:44,289 INFO o.a.j.r.p.AbstractSampleConsumer: class org.apache.jmeter.report.processor.graph.impl.ResponseTimePercentilesGraphConsumer#stopProducing(): responseTimePercentiles produced 0 samples
2026-08-09 09:08:44,307 INFO o.a.j.r.p.AbstractSampleConsumer: class org.apache.jmeter.report.processor.graph.impl.ResponseTimePercentilesOverTimeGraphConsumer#stopProducing(): responseTimePercentilesOverTime produced 0 samples
2026-08-09 09:08:44,309 INFO o.a.j.r.p.AbstractSampleConsumer: class org.apache.jmeter.report.processor.graph.impl.ResponseTimeOverTimeGraphConsumer#stopProducing(): responseTimesOverTime produced 0 samples
2026-08-09 09:08:44,309 INFO o.a.j.r.p.AbstractSampleConsumer: class org.apache.jmeter.report.processor.graph.impl.ConnectTimeOverTimeGraphConsumer#stopProducing(): connectTimeOverTime produced 0 samples
2026-08-09 09:08:44,309 INFO o.a.j.r.p.AbstractSampleConsumer: class org.apache.jmeter.report.processor.graph.impl.LatencyOverTimeGraphConsumer#stopProducing(): latenciesOverTime produced 0 samples
2026-08-09 09:08:44,311 INFO o.a.j.r.p.AbstractSampleConsumer: class org.apache.jmeter.report.processor.FilterConsumer#stopProducing(): nameFilter produced 144675 samples
2026-08-09 09:08:44,311 INFO o.a.j.r.p.AbstractSampleConsumer: class org.apache.jmeter.report.processor.FilterConsumer#stopProducing(): dateRangeFilter produced 28935 samples
2026-08-09 09:08:44,311 INFO o.a.j.r.p.AbstractSampleConsumer: class org.apache.jmeter.report.processor.NormalizerSampleConsumer#stopProducing(): normalizer produced 9645 samples
2026-08-09 09:08:44,311 INFO o.a.j.r.p.CsvFileSampleSource: produce(): 9645 samples produced in 1s 423 ms on channel 0
2026-08-09 09:08:44,311 INFO o.a.j.r.d.ReportGenerator: Exporting data using exporter:'json' of className:'org.apache.jmeter.report.dashboard.JsonExporter'
2026-08-09 09:08:44,658 INFO o.a.j.r.d.JsonExporter: Found data for consumer statisticsSummary in context
2026-08-09 09:08:44,658 INFO o.a.j.r.d.JsonExporter: Creating statistics for overall
2026-08-09 09:08:44,658 INFO o.a.j.r.d.JsonExporter: Creating statistics for other transactions
2026-08-09 09:08:44,658 INFO o.a.j.r.d.JsonExporter: Checking output folder
2026-08-09 09:08:44,658 INFO o.a.j.r.d.JsonExporter: Writing statistics JSON to C:\qa-technical-test\performance\reports\html-report\statistics.json
2026-08-09 09:08:44,758 INFO o.a.j.r.d.ReportGenerator: Exporting data using exporter:'html' of className:'org.apache.jmeter.report.dashboard.HtmlTemplateExporter'
2026-08-09 09:08:44,758 INFO o.a.j.r.d.HtmlTemplateExporter: Will generate dashboard in folder: C:\qa-technical-test\performance\reports\html-report
2026-08-09 09:08:45,005 INFO o.a.j.r.d.HtmlTemplateExporter: Report will be generated in: C:\qa-technical-test\performance\reports\html-report, creating folder structure
2026-08-09 09:08:45,005 INFO o.a.j.r.d.TemplateVisitor: Copying folder from 'C:\tools\apache-jmeter-5.6.2\apache-jmeter-5.6.2\bin\report-template' to 'C:\qa-technical-test\performance\reports\html-report', got message: C:\qa-technical-test\performance\reports\html-report, found non empty folder with following content [C:\qa-technical-test\performance\reports\html-report\statistics.json], will be ignored
2026-08-09 09:08:45,759 INFO o.a.j.JMeter: Dashboard generated
